// Jest Snapshot v1, https://goo.gl/fbAQLP

exports[`expect to render a CardList, compared against a snapshot 1`] = `
initialize {
  "0": Object {
    "data": "  ",
    "next": Object {
      "attribs": Object {
        "class": "bg-light-green tc dib br3 pa3 ma2 grow bw2 shadow-5",
      },
      "children": Array [
        Object {
          "attribs": Object {
            "alt": "robots",
            "src": "https://robohash.org/1?size=200x200",
          },
          "children": Array [],
          "name": "img",
          "namespace": "http://www.w3.org/1999/xhtml",
          "next": Object {
            "attribs": Object {},
            "children": Array [
              Object {
                "attribs": Object {},
                "children": Array [
                  Object {
                    "data": "hello",
                    "next": null,
                    "parent": [Circular],
                    "prev": null,
                    "type": "text",
                  },
                ],
                "name": "h2",
                "namespace": "http://www.w3.org/1999/xhtml",
                "next": Object {
                  "attribs": Object {},
                  "children": Array [
                    Object {
                      "data": "emailadress",
                      "next": null,
                      "parent": [Circular],
                      "prev": null,
                      "type": "text",
                    },
                  ],
                  "name": "p",
                  "namespace": "http://www.w3.org/1999/xhtml",
                  "next": null,
                  "parent": [Circular],
                  "prev": [Circular],
                  "type": "tag",
                  "x-attribsNamespace": Object {},
                  "x-attribsPrefix": Object {},
                },
                "parent": [Circular],
                "prev": null,
                "type": "tag",
                "x-attribsNamespace": Object {},
                "x-attribsPrefix": Object {},
              },
              Object {
                "attribs": Object {},
                "children": Array [
                  Object {
                    "data": "emailadress",
                    "next": null,
                    "parent": [Circular],
                    "prev": null,
                    "type": "text",
                  },
                ],
                "name": "p",
                "namespace": "http://www.w3.org/1999/xhtml",
                "next": null,
                "parent": [Circular],
                "prev": Object {
                  "attribs": Object {},
                  "children": Array [
                    Object {
                      "data": "hello",
                      "next": null,
                      "parent": [Circular],
                      "prev": null,
                      "type": "text",
                    },
                  ],
                  "name": "h2",
                  "namespace": "http://www.w3.org/1999/xhtml",
                  "next": [Circular],
                  "parent": [Circular],
                  "prev": null,
                  "type": "tag",
                  "x-attribsNamespace": Object {},
                  "x-attribsPrefix": Object {},
                },
                "type": "tag",
                "x-attribsNamespace": Object {},
                "x-attribsPrefix": Object {},
              },
            ],
            "name": "div",
            "namespace": "http://www.w3.org/1999/xhtml",
            "next": null,
            "parent": [Circular],
            "prev": [Circular],
            "type": "tag",
            "x-attribsNamespace": Object {},
            "x-attribsPrefix": Object {},
          },
          "parent": [Circular],
          "prev": null,
          "type": "tag",
          "x-attribsNamespace": Object {
            "alt": undefined,
            "src": undefined,
          },
          "x-attribsPrefix": Object {
            "alt": undefined,
            "src": undefined,
          },
        },
        Object {
          "attribs": Object {},
          "children": Array [
            Object {
              "attribs": Object {},
              "children": Array [
                Object {
                  "data": "hello",
                  "next": null,
                  "parent": [Circular],
                  "prev": null,
                  "type": "text",
                },
              ],
              "name": "h2",
              "namespace": "http://www.w3.org/1999/xhtml",
              "next": Object {
                "attribs": Object {},
                "children": Array [
                  Object {
                    "data": "emailadress",
                    "next": null,
                    "parent": [Circular],
                    "prev": null,
                    "type": "text",
                  },
                ],
                "name": "p",
                "namespace": "http://www.w3.org/1999/xhtml",
                "next": null,
                "parent": [Circular],
                "prev": [Circular],
                "type": "tag",
                "x-attribsNamespace": Object {},
                "x-attribsPrefix": Object {},
              },
              "parent": [Circular],
              "prev": null,
              "type": "tag",
              "x-attribsNamespace": Object {},
              "x-attribsPrefix": Object {},
            },
            Object {
              "attribs": Object {},
              "children": Array [
                Object {
                  "data": "emailadress",
                  "next": null,
                  "parent": [Circular],
                  "prev": null,
                  "type": "text",
                },
              ],
              "name": "p",
              "namespace": "http://www.w3.org/1999/xhtml",
              "next": null,
              "parent": [Circular],
              "prev": Object {
                "attribs": Object {},
                "children": Array [
                  Object {
                    "data": "hello",
                    "next": null,
                    "parent": [Circular],
                    "prev": null,
                    "type": "text",
                  },
                ],
                "name": "h2",
                "namespace": "http://www.w3.org/1999/xhtml",
                "next": [Circular],
                "parent": [Circular],
                "prev": null,
                "type": "tag",
                "x-attribsNamespace": Object {},
                "x-attribsPrefix": Object {},
              },
              "type": "tag",
              "x-attribsNamespace": Object {},
              "x-attribsPrefix": Object {},
            },
          ],
          "name": "div",
          "namespace": "http://www.w3.org/1999/xhtml",
          "next": null,
          "parent": [Circular],
          "prev": Object {
            "attribs": Object {
              "alt": "robots",
              "src": "https://robohash.org/1?size=200x200",
            },
            "children": Array [],
            "name": "img",
            "namespace": "http://www.w3.org/1999/xhtml",
            "next": [Circular],
            "parent": [Circular],
            "prev": null,
            "type": "tag",
            "x-attribsNamespace": Object {
              "alt": undefined,
              "src": undefined,
            },
            "x-attribsPrefix": Object {
              "alt": undefined,
              "src": undefined,
            },
          },
          "type": "tag",
          "x-attribsNamespace": Object {},
          "x-attribsPrefix": Object {},
        },
      ],
      "name": "div",
      "namespace": "http://www.w3.org/1999/xhtml",
      "next": null,
      "parent": null,
      "prev": [Circular],
      "root": Object {
        "attribs": Object {},
        "children": Array [
          [Circular],
          [Circular],
        ],
        "name": "root",
        "namespace": "http://www.w3.org/1999/xhtml",
        "next": null,
        "parent": null,
        "prev": null,
        "type": "root",
        "x-attribsNamespace": Object {},
        "x-attribsPrefix": Object {},
      },
      "type": "tag",
      "x-attribsNamespace": Object {
        "class": undefined,
      },
      "x-attribsPrefix": Object {
        "class": undefined,
      },
    },
    "parent": null,
    "prev": null,
    "root": Object {
      "attribs": Object {},
      "children": Array [
        [Circular],
        Object {
          "attribs": Object {
            "class": "bg-light-green tc dib br3 pa3 ma2 grow bw2 shadow-5",
          },
          "children": Array [
            Object {
              "attribs": Object {
                "alt": "robots",
                "src": "https://robohash.org/1?size=200x200",
              },
              "children": Array [],
              "name": "img",
              "namespace": "http://www.w3.org/1999/xhtml",
              "next": Object {
                "attribs": Object {},
                "children": Array [
                  Object {
                    "attribs": Object {},
                    "children": Array [
                      Object {
                        "data": "hello",
                        "next": null,
                        "parent": [Circular],
                        "prev": null,
                        "type": "text",
                      },
                    ],
                    "name": "h2",
                    "namespace": "http://www.w3.org/1999/xhtml",
                    "next": Object {
                      "attribs": Object {},
                      "children": Array [
                        Object {
                          "data": "emailadress",
                          "next": null,
                          "parent": [Circular],
                          "prev": null,
                          "type": "text",
                        },
                      ],
                      "name": "p",
                      "namespace": "http://www.w3.org/1999/xhtml",
                      "next": null,
                      "parent": [Circular],
                      "prev": [Circular],
                      "type": "tag",
                      "x-attribsNamespace": Object {},
                      "x-attribsPrefix": Object {},
                    },
                    "parent": [Circular],
                    "prev": null,
                    "type": "tag",
                    "x-attribsNamespace": Object {},
                    "x-attribsPrefix": Object {},
                  },
                  Object {
                    "attribs": Object {},
                    "children": Array [
                      Object {
                        "data": "emailadress",
                        "next": null,
                        "parent": [Circular],
                        "prev": null,
                        "type": "text",
                      },
                    ],
                    "name": "p",
                    "namespace": "http://www.w3.org/1999/xhtml",
                    "next": null,
                    "parent": [Circular],
                    "prev": Object {
                      "attribs": Object {},
                      "children": Array [
                        Object {
                          "data": "hello",
                          "next": null,
                          "parent": [Circular],
                          "prev": null,
                          "type": "text",
                        },
                      ],
                      "name": "h2",
                      "namespace": "http://www.w3.org/1999/xhtml",
                      "next": [Circular],
                      "parent": [Circular],
                      "prev": null,
                      "type": "tag",
                      "x-attribsNamespace": Object {},
                      "x-attribsPrefix": Object {},
                    },
                    "type": "tag",
                    "x-attribsNamespace": Object {},
                    "x-attribsPrefix": Object {},
                  },
                ],
                "name": "div",
                "namespace": "http://www.w3.org/1999/xhtml",
                "next": null,
                "parent": [Circular],
                "prev": [Circular],
                "type": "tag",
                "x-attribsNamespace": Object {},
                "x-attribsPrefix": Object {},
              },
              "parent": [Circular],
              "prev": null,
              "type": "tag",
              "x-attribsNamespace": Object {
                "alt": undefined,
                "src": undefined,
              },
              "x-attribsPrefix": Object {
                "alt": undefined,
                "src": undefined,
              },
            },
            Object {
              "attribs": Object {},
              "children": Array [
                Object {
                  "attribs": Object {},
                  "children": Array [
                    Object {
                      "data": "hello",
                      "next": null,
                      "parent": [Circular],
                      "prev": null,
                      "type": "text",
                    },
                  ],
                  "name": "h2",
                  "namespace": "http://www.w3.org/1999/xhtml",
                  "next": Object {
                    "attribs": Object {},
                    "children": Array [
                      Object {
                        "data": "emailadress",
                        "next": null,
                        "parent": [Circular],
                        "prev": null,
                        "type": "text",
                      },
                    ],
                    "name": "p",
                    "namespace": "http://www.w3.org/1999/xhtml",
                    "next": null,
                    "parent": [Circular],
                    "prev": [Circular],
                    "type": "tag",
                    "x-attribsNamespace": Object {},
                    "x-attribsPrefix": Object {},
                  },
                  "parent": [Circular],
                  "prev": null,
                  "type": "tag",
                  "x-attribsNamespace": Object {},
                  "x-attribsPrefix": Object {},
                },
                Object {
                  "attribs": Object {},
                  "children": Array [
                    Object {
                      "data": "emailadress",
                      "next": null,
                      "parent": [Circular],
                      "prev": null,
                      "type": "text",
                    },
                  ],
                  "name": "p",
                  "namespace": "http://www.w3.org/1999/xhtml",
                  "next": null,
                  "parent": [Circular],
                  "prev": Object {
                    "attribs": Object {},
                    "children": Array [
                      Object {
                        "data": "hello",
                        "next": null,
                        "parent": [Circular],
                        "prev": null,
                        "type": "text",
                      },
                    ],
                    "name": "h2",
                    "namespace": "http://www.w3.org/1999/xhtml",
                    "next": [Circular],
                    "parent": [Circular],
                    "prev": null,
                    "type": "tag",
                    "x-attribsNamespace": Object {},
                    "x-attribsPrefix": Object {},
                  },
                  "type": "tag",
                  "x-attribsNamespace": Object {},
                  "x-attribsPrefix": Object {},
                },
              ],
              "name": "div",
              "namespace": "http://www.w3.org/1999/xhtml",
              "next": null,
              "parent": [Circular],
              "prev": Object {
                "attribs": Object {
                  "alt": "robots",
                  "src": "https://robohash.org/1?size=200x200",
                },
                "children": Array [],
                "name": "img",
                "namespace": "http://www.w3.org/1999/xhtml",
                "next": [Circular],
                "parent": [Circular],
                "prev": null,
                "type": "tag",
                "x-attribsNamespace": Object {
                  "alt": undefined,
                  "src": undefined,
                },
                "x-attribsPrefix": Object {
                  "alt": undefined,
                  "src": undefined,
                },
              },
              "type": "tag",
              "x-attribsNamespace": Object {},
              "x-attribsPrefix": Object {},
            },
          ],
          "name": "div",
          "namespace": "http://www.w3.org/1999/xhtml",
          "next": null,
          "parent": null,
          "prev": [Circular],
          "root": [Circular],
          "type": "tag",
          "x-attribsNamespace": Object {
            "class": undefined,
          },
          "x-attribsPrefix": Object {
            "class": undefined,
          },
        },
      ],
      "name": "root",
      "namespace": "http://www.w3.org/1999/xhtml",
      "next": null,
      "parent": null,
      "prev": null,
      "type": "root",
      "x-attribsNamespace": Object {},
      "x-attribsPrefix": Object {},
    },
    "type": "text",
  },
  "1": Object {
    "attribs": Object {
      "class": "bg-light-green tc dib br3 pa3 ma2 grow bw2 shadow-5",
    },
    "children": Array [
      Object {
        "attribs": Object {
          "alt": "robots",
          "src": "https://robohash.org/1?size=200x200",
        },
        "children": Array [],
        "name": "img",
        "namespace": "http://www.w3.org/1999/xhtml",
        "next": Object {
          "attribs": Object {},
          "children": Array [
            Object {
              "attribs": Object {},
              "children": Array [
                Object {
                  "data": "hello",
                  "next": null,
                  "parent": [Circular],
                  "prev": null,
                  "type": "text",
                },
              ],
              "name": "h2",
              "namespace": "http://www.w3.org/1999/xhtml",
              "next": Object {
                "attribs": Object {},
                "children": Array [
                  Object {
                    "data": "emailadress",
                    "next": null,
                    "parent": [Circular],
                    "prev": null,
                    "type": "text",
                  },
                ],
                "name": "p",
                "namespace": "http://www.w3.org/1999/xhtml",
                "next": null,
                "parent": [Circular],
                "prev": [Circular],
                "type": "tag",
                "x-attribsNamespace": Object {},
                "x-attribsPrefix": Object {},
              },
              "parent": [Circular],
              "prev": null,
              "type": "tag",
              "x-attribsNamespace": Object {},
              "x-attribsPrefix": Object {},
            },
            Object {
              "attribs": Object {},
              "children": Array [
                Object {
                  "data": "emailadress",
                  "next": null,
                  "parent": [Circular],
                  "prev": null,
                  "type": "text",
                },
              ],
              "name": "p",
              "namespace": "http://www.w3.org/1999/xhtml",
              "next": null,
              "parent": [Circular],
              "prev": Object {
                "attribs": Object {},
                "children": Array [
                  Object {
                    "data": "hello",
                    "next": null,
                    "parent": [Circular],
                    "prev": null,
                    "type": "text",
                  },
                ],
                "name": "h2",
                "namespace": "http://www.w3.org/1999/xhtml",
                "next": [Circular],
                "parent": [Circular],
                "prev": null,
                "type": "tag",
                "x-attribsNamespace": Object {},
                "x-attribsPrefix": Object {},
              },
              "type": "tag",
              "x-attribsNamespace": Object {},
              "x-attribsPrefix": Object {},
            },
          ],
          "name": "div",
          "namespace": "http://www.w3.org/1999/xhtml",
          "next": null,
          "parent": [Circular],
          "prev": [Circular],
          "type": "tag",
          "x-attribsNamespace": Object {},
          "x-attribsPrefix": Object {},
        },
        "parent": [Circular],
        "prev": null,
        "type": "tag",
        "x-attribsNamespace": Object {
          "alt": undefined,
          "src": undefined,
        },
        "x-attribsPrefix": Object {
          "alt": undefined,
          "src": undefined,
        },
      },
      Object {
        "attribs": Object {},
        "children": Array [
          Object {
            "attribs": Object {},
            "children": Array [
              Object {
                "data": "hello",
                "next": null,
                "parent": [Circular],
                "prev": null,
                "type": "text",
              },
            ],
            "name": "h2",
            "namespace": "http://www.w3.org/1999/xhtml",
            "next": Object {
              "attribs": Object {},
              "children": Array [
                Object {
                  "data": "emailadress",
                  "next": null,
                  "parent": [Circular],
                  "prev": null,
                  "type": "text",
                },
              ],
              "name": "p",
              "namespace": "http://www.w3.org/1999/xhtml",
              "next": null,
              "parent": [Circular],
              "prev": [Circular],
              "type": "tag",
              "x-attribsNamespace": Object {},
              "x-attribsPrefix": Object {},
            },
            "parent": [Circular],
            "prev": null,
            "type": "tag",
            "x-attribsNamespace": Object {},
            "x-attribsPrefix": Object {},
          },
          Object {
            "attribs": Object {},
            "children": Array [
              Object {
                "data": "emailadress",
                "next": null,
                "parent": [Circular],
                "prev": null,
                "type": "text",
              },
            ],
            "name": "p",
            "namespace": "http://www.w3.org/1999/xhtml",
            "next": null,
            "parent": [Circular],
            "prev": Object {
              "attribs": Object {},
              "children": Array [
                Object {
                  "data": "hello",
                  "next": null,
                  "parent": [Circular],
                  "prev": null,
                  "type": "text",
                },
              ],
              "name": "h2",
              "namespace": "http://www.w3.org/1999/xhtml",
              "next": [Circular],
              "parent": [Circular],
              "prev": null,
              "type": "tag",
              "x-attribsNamespace": Object {},
              "x-attribsPrefix": Object {},
            },
            "type": "tag",
            "x-attribsNamespace": Object {},
            "x-attribsPrefix": Object {},
          },
        ],
        "name": "div",
        "namespace": "http://www.w3.org/1999/xhtml",
        "next": null,
        "parent": [Circular],
        "prev": Object {
          "attribs": Object {
            "alt": "robots",
            "src": "https://robohash.org/1?size=200x200",
          },
          "children": Array [],
          "name": "img",
          "namespace": "http://www.w3.org/1999/xhtml",
          "next": [Circular],
          "parent": [Circular],
          "prev": null,
          "type": "tag",
          "x-attribsNamespace": Object {
            "alt": undefined,
            "src": undefined,
          },
          "x-attribsPrefix": Object {
            "alt": undefined,
            "src": undefined,
          },
        },
        "type": "tag",
        "x-attribsNamespace": Object {},
        "x-attribsPrefix": Object {},
      },
    ],
    "name": "div",
    "namespace": "http://www.w3.org/1999/xhtml",
    "next": null,
    "parent": null,
    "prev": Object {
      "data": "  ",
      "next": [Circular],
      "parent": null,
      "prev": null,
      "root": Object {
        "attribs": Object {},
        "children": Array [
          [Circular],
          [Circular],
        ],
        "name": "root",
        "namespace": "http://www.w3.org/1999/xhtml",
        "next": null,
        "parent": null,
        "prev": null,
        "type": "root",
        "x-attribsNamespace": Object {},
        "x-attribsPrefix": Object {},
      },
      "type": "text",
    },
    "root": Object {
      "attribs": Object {},
      "children": Array [
        Object {
          "data": "  ",
          "next": [Circular],
          "parent": null,
          "prev": null,
          "root": [Circular],
          "type": "text",
        },
        [Circular],
      ],
      "name": "root",
      "namespace": "http://www.w3.org/1999/xhtml",
      "next": null,
      "parent": null,
      "prev": null,
      "type": "root",
      "x-attribsNamespace": Object {},
      "x-attribsPrefix": Object {},
    },
    "type": "tag",
    "x-attribsNamespace": Object {
      "class": undefined,
    },
    "x-attribsPrefix": Object {
      "class": undefined,
    },
  },
  "_root": [Circular],
  "length": 2,
  "options": Object {
    "decodeEntities": true,
    "normalizeWhitespace": false,
    "withDomLvl1": true,
    "xml": false,
  },
}
`;
