// Jest Snapshot v1, https://goo.gl/fbAQLP

exports[`renders the mainpage without crashing 1`] = `ShallowWrapper {}`;

exports[`returns isPending correctly 1`] = `
initialize {
  "0": Object {
    "attribs": Object {
      "class": "tc",
    },
    "children": Array [
      Object {
        "data": "Loading",
        "next": null,
        "parent": [Circular],
        "prev": null,
        "type": "text",
      },
    ],
    "name": "h1",
    "namespace": "http://www.w3.org/1999/xhtml",
    "next": null,
    "parent": null,
    "prev": null,
    "root": Object {
      "attribs": Object {},
      "children": Array [
        [Circular],
      ],
      "name": "root",
      "namespace": "http://www.w3.org/1999/xhtml",
      "next": null,
      "parent": null,
      "prev": null,
      "type": "root",
      "x-attribsNamespace": Object {},
      "x-attribsPrefix": Object {},
    },
    "type": "tag",
    "x-attribsNamespace": Object {
      "class": undefined,
    },
    "x-attribsPrefix": Object {
      "class": undefined,
    },
  },
  "_root": [Circular],
  "length": 1,
  "options": Object {
    "decodeEntities": true,
    "normalizeWhitespace": false,
    "withDomLvl1": true,
    "xml": false,
  },
}
`;
